// Jest Snapshot v1, https://goo.gl/fbAQLP

exports[`NewsContainer renders correctly 1`] = `ShallowWrapper {}`;
