// Jest Snapshot v1, https://goo.gl/fbAQLP

exports[`NavigationBar renders correctly 1`] = `
<div
  data-testid="navigation"
  style="margin-top: -1000px; transition-duration: .8s;"
>
  <header>
    <h1>
      Source News
    </h1>
    <h3>
      Straight from the sources mouth!
    </h3>
    <svg
      class="icon-menu"
      fill="currentColor"
      height="1em"
      stroke="currentColor"
      stroke-width="0"
      viewBox="0 0 448 512"
      width="1em"
      xmlns="http://www.w3.org/2000/svg"
    >
      <path
        d="M16 132h416c8.837 0 16-7.163 16-16V76c0-8.837-7.163-16-16-16H16C7.163 60 0 67.163 0 76v40c0 8.837 7.163 16 16 16zm0 160h416c8.837 0 16-7.163 16-16v-40c0-8.837-7.163-16-16-16H16c-8.837 0-16 7.163-16 16v40c0 8.837 7.163 16 16 16zm0 160h416c8.837 0 16-7.163 16-16v-40c0-8.837-7.163-16-16-16H16c-8.837 0-16 7.163-16 16v40c0 8.837 7.163 16 16 16z"
      />
    </svg>
  </header>
  <nav
    style="opacity: 0; display: none; z-index: 1;"
  >
    <ul
      aria-label="news-categories"
    >
      <li
        aria-label="category"
        style="background-color: rgb(0, 0, 0); color: rgb(255, 255, 255);"
      >
        World
      </li>
      <li
        aria-label="category"
        style="background-color: rgb(0, 0, 0); color: rgb(255, 255, 255);"
      >
        Business
      </li>
      <li
        aria-label="category"
        style="background-color: rgb(0, 0, 0); color: rgb(255, 255, 255);"
      >
        Sports
      </li>
      <li
        aria-label="category"
        style="background-color: rgb(0, 0, 0); color: rgb(255, 255, 255);"
      >
        Entertainment
      </li>
      <li
        aria-label="category"
        style="background-color: rgb(0, 0, 0); color: rgb(255, 255, 255);"
      >
        Technology
      </li>
    </ul>
  </nav>
</div>
`;
