// Jest Snapshot v1, https://goo.gl/fbAQLP

exports[`NavigationBar renders correctly 1`] = `
Object {
  "asFragment": [Function],
  "baseElement": <body>
    <div>
      <div
        style="margin-top: -1000px; transition-duration: .8s;"
      >
        <header>
          <h1>
            Source News
          </h1>
          <h3>
            Straight from the sources mouth!
          </h3>
          <svg
            class="icon-menu"
            fill="currentColor"
            height="1em"
            stroke="currentColor"
            stroke-width="0"
            viewBox="0 0 448 512"
            width="1em"
            xmlns="http://www.w3.org/2000/svg"
          >
            <path
              d="M16 132h416c8.837 0 16-7.163 16-16V76c0-8.837-7.163-16-16-16H16C7.163 60 0 67.163 0 76v40c0 8.837 7.163 16 16 16zm0 160h416c8.837 0 16-7.163 16-16v-40c0-8.837-7.163-16-16-16H16c-8.837 0-16 7.163-16 16v40c0 8.837 7.163 16 16 16zm0 160h416c8.837 0 16-7.163 16-16v-40c0-8.837-7.163-16-16-16H16c-8.837 0-16 7.163-16 16v40c0 8.837 7.163 16 16 16z"
            />
          </svg>
        </header>
        <nav
          style="opacity: 0; display: none; z-index: 1;"
        >
          <ul
            aria-label="news-categories"
          >
            <li
              style="background-color: rgb(0, 0, 0); color: rgb(255, 255, 255);"
            >
              World
            </li>
            <li
              style="background-color: rgb(0, 0, 0); color: rgb(255, 255, 255);"
            >
              Business
            </li>
            <li
              style="background-color: rgb(0, 0, 0); color: rgb(255, 255, 255);"
            >
              Sports
            </li>
            <li
              style="background-color: rgb(0, 0, 0); color: rgb(255, 255, 255);"
            >
              Entertainment
            </li>
            <li
              style="background-color: rgb(0, 0, 0); color: rgb(255, 255, 255);"
            >
              Technology
            </li>
          </ul>
        </nav>
      </div>
    </div>
  </body>,
  "container": <div>
    <div
      style="margin-top: -1000px; transition-duration: .8s;"
    >
      <header>
        <h1>
          Source News
        </h1>
        <h3>
          Straight from the sources mouth!
        </h3>
        <svg
          class="icon-menu"
          fill="currentColor"
          height="1em"
          stroke="currentColor"
          stroke-width="0"
          viewBox="0 0 448 512"
          width="1em"
          xmlns="http://www.w3.org/2000/svg"
        >
          <path
            d="M16 132h416c8.837 0 16-7.163 16-16V76c0-8.837-7.163-16-16-16H16C7.163 60 0 67.163 0 76v40c0 8.837 7.163 16 16 16zm0 160h416c8.837 0 16-7.163 16-16v-40c0-8.837-7.163-16-16-16H16c-8.837 0-16 7.163-16 16v40c0 8.837 7.163 16 16 16zm0 160h416c8.837 0 16-7.163 16-16v-40c0-8.837-7.163-16-16-16H16c-8.837 0-16 7.163-16 16v40c0 8.837 7.163 16 16 16z"
          />
        </svg>
      </header>
      <nav
        style="opacity: 0; display: none; z-index: 1;"
      >
        <ul
          aria-label="news-categories"
        >
          <li
            style="background-color: rgb(0, 0, 0); color: rgb(255, 255, 255);"
          >
            World
          </li>
          <li
            style="background-color: rgb(0, 0, 0); color: rgb(255, 255, 255);"
          >
            Business
          </li>
          <li
            style="background-color: rgb(0, 0, 0); color: rgb(255, 255, 255);"
          >
            Sports
          </li>
          <li
            style="background-color: rgb(0, 0, 0); color: rgb(255, 255, 255);"
          >
            Entertainment
          </li>
          <li
            style="background-color: rgb(0, 0, 0); color: rgb(255, 255, 255);"
          >
            Technology
          </li>
        </ul>
      </nav>
    </div>
  </div>,
  "debug": [Function],
  "findAllByAltText": [Function],
  "findAllByDisplayValue": [Function],
  "findAllByLabelText": [Function],
  "findAllByPlaceholderText": [Function],
  "findAllByRole": [Function],
  "findAllByTestId": [Function],
  "findAllByText": [Function],
  "findAllByTitle": [Function],
  "findByAltText": [Function],
  "findByDisplayValue": [Function],
  "findByLabelText": [Function],
  "findByPlaceholderText": [Function],
  "findByRole": [Function],
  "findByTestId": [Function],
  "findByText": [Function],
  "findByTitle": [Function],
  "getAllByAltText": [Function],
  "getAllByDisplayValue": [Function],
  "getAllByLabelText": [Function],
  "getAllByPlaceholderText": [Function],
  "getAllByRole": [Function],
  "getAllByTestId": [Function],
  "getAllByText": [Function],
  "getAllByTitle": [Function],
  "getByAltText": [Function],
  "getByDisplayValue": [Function],
  "getByLabelText": [Function],
  "getByPlaceholderText": [Function],
  "getByRole": [Function],
  "getByTestId": [Function],
  "getByText": [Function],
  "getByTitle": [Function],
  "queryAllByAltText": [Function],
  "queryAllByDisplayValue": [Function],
  "queryAllByLabelText": [Function],
  "queryAllByPlaceholderText": [Function],
  "queryAllByRole": [Function],
  "queryAllByTestId": [Function],
  "queryAllByText": [Function],
  "queryAllByTitle": [Function],
  "queryByAltText": [Function],
  "queryByDisplayValue": [Function],
  "queryByLabelText": [Function],
  "queryByPlaceholderText": [Function],
  "queryByRole": [Function],
  "queryByTestId": [Function],
  "queryByText": [Function],
  "queryByTitle": [Function],
  "rerender": [Function],
  "unmount": [Function],
}
`;
